// Jest Snapshot v1, https://goo.gl/fbAQLP

exports[`./DateTime.stories Default 1`] = `
<div
  style="background-color: rgb(255, 255, 255); padding: 1rem;"
>
  <span
    aria-label="Apr 8, 2024 - 7:05:29 AM"
    class=""
    data-mui-internal-clone-element="true"
  >
    7:05 AM
  </span>
</div>
`;
