// Jest Snapshot v1, https://goo.gl/fbAQLP

exports[`./HnSignupIntro.stories Default 1`] = `
<div
  style="background-color: rgb(255, 255, 255); padding: 0px;"
>
  <div
    class="MuiGrid2-root MuiGrid2-container MuiGrid2-direction-xs-row container mui-style-1jxwjqx-MuiGrid2-root"
  >
    <div
      class="MuiGrid2-root MuiGrid2-direction-xs-row MuiGrid2-grid-xs-grow introColumn mui-style-2edihr-MuiGrid2-root"
    >
      <div
        class="contentWrapper"
      >
        <div
          class="header"
        >
          <h1
            class="MuiTypography-root MuiTypography-h1 title mui-style-1t5ogpx-MuiTypography-root"
          >
            Guardian
          </h1>
          <div
            class="poweredBy"
          >
            <p
              class="MuiTypography-root MuiTypography-body2 poweredByText mui-style-17vdyq3-MuiTypography-root"
            >
              powered by
            </p>
            <img
              alt="Hypernative"
              class="logo"
              src="/images/hypernative/hypernative-logo.svg"
            />
          </div>
          <p
            class="MuiTypography-root MuiTypography-body2 subtitle mui-style-17vdyq3-MuiTypography-root"
          >
            Enterprise-level protection for teams and organizations.
          </p>
        </div>
        <div
          class="features"
        >
          <div
            class="feature"
          >
            <svg
              aria-hidden="true"
              class="MuiSvgIcon-root MuiSvgIcon-fontSizeMedium featureIcon mui-style-1dhtbeh-MuiSvgIcon-root"
              data-testid="CheckCircleIcon"
              focusable="false"
              viewBox="0 0 24 24"
            >
              <path
                d="M12 2C6.48 2 2 6.48 2 12s4.48 10 10 10 10-4.48 10-10S17.52 2 12 2m-2 15-5-5 1.41-1.41L10 14.17l7.59-7.59L19 8z"
              />
            </svg>
            <div>
              <p
                class="MuiTypography-root MuiTypography-body2 featureTitle mui-style-1r7djff-MuiTypography-root"
              >
                Automatic blocking
              </p>
              <p
                class="MuiTypography-root MuiTypography-body2 featureDescription mui-style-17vdyq3-MuiTypography-root"
              >
                Automatically prevents malicious or non-compliant transactions before they're executed
              </p>
            </div>
          </div>
          <div
            class="feature"
          >
            <svg
              aria-hidden="true"
              class="MuiSvgIcon-root MuiSvgIcon-fontSizeMedium featureIcon mui-style-1dhtbeh-MuiSvgIcon-root"
              data-testid="CheckCircleIcon"
              focusable="false"
              viewBox="0 0 24 24"
            >
              <path
                d="M12 2C6.48 2 2 6.48 2 12s4.48 10 10 10 10-4.48 10-10S17.52 2 12 2m-2 15-5-5 1.41-1.41L10 14.17l7.59-7.59L19 8z"
              />
            </svg>
            <div>
              <p
                class="MuiTypography-root MuiTypography-body2 featureTitle mui-style-1r7djff-MuiTypography-root"
              >
                Custom security rules
              </p>
              <p
                class="MuiTypography-root MuiTypography-body2 featureDescription mui-style-17vdyq3-MuiTypography-root"
              >
                Create tailored policies using granular parameters to stop unwanted transactions.
              </p>
            </div>
          </div>
          <div
            class="feature"
          >
            <svg
              aria-hidden="true"
              class="MuiSvgIcon-root MuiSvgIcon-fontSizeMedium featureIcon mui-style-1dhtbeh-MuiSvgIcon-root"
              data-testid="CheckCircleIcon"
              focusable="false"
              viewBox="0 0 24 24"
            >
              <path
                d="M12 2C6.48 2 2 6.48 2 12s4.48 10 10 10 10-4.48 10-10S17.52 2 12 2m-2 15-5-5 1.41-1.41L10 14.17l7.59-7.59L19 8z"
              />
            </svg>
            <div>
              <p
                class="MuiTypography-root MuiTypography-body2 featureTitle mui-style-1r7djff-MuiTypography-root"
              >
                Seamless integration
              </p>
              <p
                class="MuiTypography-root MuiTypography-body2 featureDescription mui-style-17vdyq3-MuiTypography-root"
              >
                Works natively within your Safe workflow. No extra steps required.
              </p>
            </div>
          </div>
        </div>
        <div
          class="actions"
        >
          <span
            data-track="hypernative: Guardian Form Started"
          >
            <button
              class="MuiButtonBase-root MuiButton-root MuiButton-contained MuiButton-containedPrimary MuiButton-sizeMedium MuiButton-containedSizeMedium MuiButton-colorPrimary MuiButton-fullWidth MuiButton-root MuiButton-contained MuiButton-containedPrimary MuiButton-sizeMedium MuiButton-containedSizeMedium MuiButton-colorPrimary MuiButton-fullWidth primaryButton mui-style-18pnskn-MuiButtonBase-root-MuiButton-root"
              tabindex="0"
              type="button"
            >
              See how it works
            </button>
          </span>
          <button
            class="MuiButtonBase-root MuiButton-root MuiButton-text MuiButton-textPrimary MuiButton-sizeMedium MuiButton-textSizeMedium MuiButton-colorPrimary MuiButton-fullWidth MuiButton-root MuiButton-text MuiButton-textPrimary MuiButton-sizeMedium MuiButton-textSizeMedium MuiButton-colorPrimary MuiButton-fullWidth secondaryButton mui-style-24caxx-MuiButtonBase-root-MuiButton-root"
            tabindex="0"
            type="button"
          >
            Close
          </button>
        </div>
      </div>
    </div>
    <div
      class="MuiGrid2-root MuiGrid2-direction-xs-row backgroundColumn mui-style-1fzlhpv-MuiGrid2-root"
    />
  </div>
</div>
`;
