// Jest Snapshot v1, https://goo.gl/fbAQLP

exports[`./ChainIndicator.stories Default 1`] = `
<div
  style="background-color: rgb(255, 255, 255); padding: 1rem;"
>
  <div
    class="MuiPaper-root MuiPaper-elevation MuiPaper-rounded MuiPaper-elevation0 mui-style-1xulk7h-MuiPaper-root"
    style="--Paper-shadow: none;"
  >
    <span
      class="MuiSkeleton-root MuiSkeleton-rectangular MuiSkeleton-pulse mui-style-18ae3nr-MuiSkeleton-root"
      style="width: 100%; height: 22px;"
    />
  </div>
</div>
`;

exports[`./ChainIndicator.stories HideUnknown 1`] = `
<div
  style="background-color: rgb(255, 255, 255); padding: 1rem;"
>
  <div
    class="MuiPaper-root MuiPaper-elevation MuiPaper-rounded MuiPaper-elevation0 mui-style-1xulk7h-MuiPaper-root"
    style="--Paper-shadow: none;"
  >
    <span
      class="MuiSkeleton-root MuiSkeleton-rectangular MuiSkeleton-pulse mui-style-18ae3nr-MuiSkeleton-root"
      style="width: 100%; height: 22px;"
    />
  </div>
</div>
`;

exports[`./ChainIndicator.stories Inline 1`] = `
<div
  style="background-color: rgb(255, 255, 255); padding: 1rem;"
>
  <div
    class="MuiPaper-root MuiPaper-elevation MuiPaper-rounded MuiPaper-elevation0 mui-style-1xulk7h-MuiPaper-root"
    style="--Paper-shadow: none;"
  >
    <span
      class="MuiSkeleton-root MuiSkeleton-rectangular MuiSkeleton-pulse mui-style-18ae3nr-MuiSkeleton-root"
      style="width: 100%; height: 22px;"
    />
  </div>
</div>
`;

exports[`./ChainIndicator.stories LargeImage 1`] = `
<div
  style="background-color: rgb(255, 255, 255); padding: 1rem;"
>
  <div
    class="MuiPaper-root MuiPaper-elevation MuiPaper-rounded MuiPaper-elevation0 mui-style-1xulk7h-MuiPaper-root"
    style="--Paper-shadow: none;"
  >
    <span
      class="MuiSkeleton-root MuiSkeleton-rectangular MuiSkeleton-pulse mui-style-18ae3nr-MuiSkeleton-root"
      style="width: 100%; height: 22px;"
    />
  </div>
</div>
`;

exports[`./ChainIndicator.stories NoLogo 1`] = `
<div
  style="background-color: rgb(255, 255, 255); padding: 1rem;"
>
  <div
    class="MuiPaper-root MuiPaper-elevation MuiPaper-rounded MuiPaper-elevation0 mui-style-1xulk7h-MuiPaper-root"
    style="--Paper-shadow: none;"
  >
    <span
      class="MuiSkeleton-root MuiSkeleton-rectangular MuiSkeleton-pulse mui-style-18ae3nr-MuiSkeleton-root"
      style="width: 100%; height: 22px;"
    />
  </div>
</div>
`;

exports[`./ChainIndicator.stories OnlyLogo 1`] = `
<div
  style="background-color: rgb(255, 255, 255); padding: 1rem;"
>
  <div
    class="MuiPaper-root MuiPaper-elevation MuiPaper-rounded MuiPaper-elevation0 mui-style-1xulk7h-MuiPaper-root"
    style="--Paper-shadow: none;"
  >
    <span
      class="MuiSkeleton-root MuiSkeleton-rectangular MuiSkeleton-pulse mui-style-18ae3nr-MuiSkeleton-root"
      style="width: 100%; height: 22px;"
    />
  </div>
</div>
`;

exports[`./ChainIndicator.stories Responsive 1`] = `
<div
  style="background-color: rgb(255, 255, 255); padding: 1rem;"
>
  <div
    class="MuiPaper-root MuiPaper-elevation MuiPaper-rounded MuiPaper-elevation0 mui-style-1xulk7h-MuiPaper-root"
    style="--Paper-shadow: none;"
  >
    <span
      class="MuiSkeleton-root MuiSkeleton-rectangular MuiSkeleton-pulse mui-style-18ae3nr-MuiSkeleton-root"
      style="width: 100%; height: 22px;"
    />
  </div>
</div>
`;

exports[`./ChainIndicator.stories SmallImage 1`] = `
<div
  style="background-color: rgb(255, 255, 255); padding: 1rem;"
>
  <div
    class="MuiPaper-root MuiPaper-elevation MuiPaper-rounded MuiPaper-elevation0 mui-style-1xulk7h-MuiPaper-root"
    style="--Paper-shadow: none;"
  >
    <span
      class="MuiSkeleton-root MuiSkeleton-rectangular MuiSkeleton-pulse mui-style-18ae3nr-MuiSkeleton-root"
      style="width: 100%; height: 22px;"
    />
  </div>
</div>
`;

exports[`./ChainIndicator.stories UnknownChain 1`] = `
<div
  style="background-color: rgb(255, 255, 255); padding: 1rem;"
>
  <div
    class="MuiPaper-root MuiPaper-elevation MuiPaper-rounded MuiPaper-elevation0 mui-style-1xulk7h-MuiPaper-root"
    style="--Paper-shadow: none;"
  >
    <span
      class="MuiSkeleton-root MuiSkeleton-rectangular MuiSkeleton-pulse mui-style-18ae3nr-MuiSkeleton-root"
      style="width: 100%; height: 22px;"
    />
  </div>
</div>
`;

exports[`./ChainIndicator.stories WithFiatValue 1`] = `
<div
  style="background-color: rgb(255, 255, 255); padding: 1rem;"
>
  <div
    class="MuiPaper-root MuiPaper-elevation MuiPaper-rounded MuiPaper-elevation0 mui-style-1xulk7h-MuiPaper-root"
    style="--Paper-shadow: none;"
  >
    <span
      class="MuiSkeleton-root MuiSkeleton-rectangular MuiSkeleton-pulse mui-style-18ae3nr-MuiSkeleton-root"
      style="width: 100%; height: 22px;"
    />
  </div>
</div>
`;
