// Jest Snapshot v1, https://goo.gl/fbAQLP

exports[`./ChangeThreshold.stories Default 1`] = `
<div
  style="background-color: rgb(255, 255, 255); padding: 1rem;"
>
  <div
    class="MuiPaper-root MuiPaper-elevation MuiPaper-rounded MuiPaper-elevation0 mui-style-1xulk7h-MuiPaper-root"
    style="--Paper-shadow: none;"
  >
    <div>
      <p
        class="MuiTypography-root MuiTypography-body2 mui-style-1q9800n-MuiTypography-root"
      >
        Any transaction will require the confirmation of:
      </p>
      <p
        aria-label="threshold"
        class="MuiTypography-root MuiTypography-body1 mui-style-v6lhhw-MuiTypography-root"
      >
        <b>
          1
        </b>
         out of
         
        <b>
          0
           signer
          s
        </b>
      </p>
    </div>
    <div
      class="MuiBox-root mui-style-1xlzx9v"
    >
      <hr
        class="MuiDivider-root MuiDivider-fullWidth nestedDivider mui-style-1facvfi-MuiDivider-root"
      />
    </div>
  </div>
</div>
`;
