// Jest Snapshot v1, https://goo.gl/fbAQLP

exports[`./SplitMenuButton.stories Default 1`] = `
<div
  style="background-color: rgb(255, 255, 255); padding: 1rem;"
>
  <div
    class="MuiBox-root mui-style-1v5z18m"
  >
    <div
      aria-label="Button group with a nested menu"
      class="MuiButtonGroup-root MuiButtonGroup-contained MuiButtonGroup-horizontal MuiButtonGroup-fullWidth MuiButtonGroup-colorPrimary mui-style-izkk6m-MuiButtonGroup-root"
      role="group"
    >
      <div
        class="MuiBox-root mui-style-1rr4qq7"
        data-mui-internal-clone-element="true"
      >
        <button
          class="MuiButtonBase-root MuiButton-root MuiButton-contained MuiButton-containedPrimary MuiButton-sizeMedium MuiButton-containedSizeMedium MuiButton-colorPrimary MuiButton-fullWidth MuiButtonGroup-grouped MuiButtonGroup-groupedHorizontal MuiButtonGroup-groupedContained MuiButtonGroup-groupedContainedHorizontal MuiButtonGroup-groupedContainedPrimary MuiButton-root MuiButton-contained MuiButton-containedPrimary MuiButton-sizeMedium MuiButton-containedSizeMedium MuiButton-colorPrimary MuiButton-fullWidth MuiButtonGroup-grouped MuiButtonGroup-groupedHorizontal MuiButtonGroup-groupedContained MuiButtonGroup-groupedContainedHorizontal MuiButtonGroup-groupedContainedPrimary MuiButtonGroup-firstButton mui-style-1yzzwoj-MuiButtonBase-root-MuiButton-root"
          data-testid="combo-submit-execute"
          tabindex="0"
          type="submit"
        >
          Execute
        </button>
      </div>
      <button
        aria-haspopup="menu"
        aria-label="select action"
        class="MuiButtonBase-root MuiButton-root MuiButton-contained MuiButton-containedPrimary MuiButton-sizeMedium MuiButton-containedSizeMedium MuiButton-colorPrimary MuiButton-fullWidth MuiButtonGroup-grouped MuiButtonGroup-groupedHorizontal MuiButtonGroup-groupedContained MuiButtonGroup-groupedContainedHorizontal MuiButtonGroup-groupedContainedPrimary MuiButton-root MuiButton-contained MuiButton-containedPrimary MuiButton-sizeMedium MuiButton-containedSizeMedium MuiButton-colorPrimary MuiButton-fullWidth MuiButtonGroup-grouped MuiButtonGroup-groupedHorizontal MuiButtonGroup-groupedContained MuiButtonGroup-groupedContainedHorizontal MuiButtonGroup-groupedContainedPrimary MuiButtonGroup-lastButton mui-style-9c4cgm-MuiButtonBase-root-MuiButton-root"
        data-testid="combo-submit-dropdown"
        tabindex="0"
        type="button"
      >
        <svg
          aria-hidden="true"
          class="MuiSvgIcon-root MuiSvgIcon-fontSizeMedium mui-style-1dhtbeh-MuiSvgIcon-root"
          data-testid="ArrowDropDownIcon"
          focusable="false"
          viewBox="0 0 24 24"
        >
          <path
            d="m7 10 5 5 5-5z"
          />
        </svg>
      </button>
    </div>
  </div>
</div>
`;

exports[`./SplitMenuButton.stories Disabled 1`] = `
<div
  style="background-color: rgb(255, 255, 255); padding: 1rem;"
>
  <div
    class="MuiBox-root mui-style-1v5z18m"
  >
    <div
      aria-label="Button group with a nested menu"
      class="MuiButtonGroup-root MuiButtonGroup-contained MuiButtonGroup-horizontal MuiButtonGroup-fullWidth MuiButtonGroup-colorPrimary mui-style-izkk6m-MuiButtonGroup-root"
      role="group"
    >
      <div
        class="MuiBox-root mui-style-1rr4qq7"
        data-mui-internal-clone-element="true"
      >
        <button
          class="MuiButtonBase-root MuiButton-root MuiButton-contained MuiButton-containedPrimary MuiButton-sizeMedium MuiButton-containedSizeMedium MuiButton-colorPrimary MuiButton-fullWidth Mui-disabled MuiButtonGroup-grouped MuiButtonGroup-groupedHorizontal MuiButtonGroup-groupedContained MuiButtonGroup-groupedContainedHorizontal MuiButtonGroup-groupedContainedPrimary MuiButton-root MuiButton-contained MuiButton-containedPrimary MuiButton-sizeMedium MuiButton-containedSizeMedium MuiButton-colorPrimary MuiButton-fullWidth MuiButtonGroup-grouped MuiButtonGroup-groupedHorizontal MuiButtonGroup-groupedContained MuiButtonGroup-groupedContainedHorizontal MuiButtonGroup-groupedContainedPrimary MuiButtonGroup-firstButton mui-style-1yzzwoj-MuiButtonBase-root-MuiButton-root"
          data-testid="combo-submit-execute"
          disabled=""
          tabindex="-1"
          type="submit"
        >
          Execute
        </button>
      </div>
      <button
        aria-haspopup="menu"
        aria-label="select action"
        class="MuiButtonBase-root MuiButton-root MuiButton-contained MuiButton-containedPrimary MuiButton-sizeMedium MuiButton-containedSizeMedium MuiButton-colorPrimary MuiButton-fullWidth MuiButtonGroup-grouped MuiButtonGroup-groupedHorizontal MuiButtonGroup-groupedContained MuiButtonGroup-groupedContainedHorizontal MuiButtonGroup-groupedContainedPrimary MuiButton-root MuiButton-contained MuiButton-containedPrimary MuiButton-sizeMedium MuiButton-containedSizeMedium MuiButton-colorPrimary MuiButton-fullWidth MuiButtonGroup-grouped MuiButtonGroup-groupedHorizontal MuiButtonGroup-groupedContained MuiButtonGroup-groupedContainedHorizontal MuiButtonGroup-groupedContainedPrimary MuiButtonGroup-lastButton mui-style-9c4cgm-MuiButtonBase-root-MuiButton-root"
        data-testid="combo-submit-dropdown"
        tabindex="0"
        type="button"
      >
        <svg
          aria-hidden="true"
          class="MuiSvgIcon-root MuiSvgIcon-fontSizeMedium mui-style-1dhtbeh-MuiSvgIcon-root"
          data-testid="ArrowDropDownIcon"
          focusable="false"
          viewBox="0 0 24 24"
        >
          <path
            d="m7 10 5 5 5-5z"
          />
        </svg>
      </button>
    </div>
  </div>
</div>
`;

exports[`./SplitMenuButton.stories Loading 1`] = `
<div
  style="background-color: rgb(255, 255, 255); padding: 1rem;"
>
  <div
    class="MuiBox-root mui-style-1v5z18m"
  >
    <div
      aria-label="Button group with a nested menu"
      class="MuiButtonGroup-root MuiButtonGroup-contained MuiButtonGroup-horizontal MuiButtonGroup-fullWidth MuiButtonGroup-colorPrimary mui-style-izkk6m-MuiButtonGroup-root"
      role="group"
    >
      <div
        class="MuiBox-root mui-style-1rr4qq7"
        data-mui-internal-clone-element="true"
      >
        <button
          class="MuiButtonBase-root MuiButton-root MuiButton-contained MuiButton-containedPrimary MuiButton-sizeMedium MuiButton-containedSizeMedium MuiButton-colorPrimary MuiButton-fullWidth MuiButtonGroup-grouped MuiButtonGroup-groupedHorizontal MuiButtonGroup-groupedContained MuiButtonGroup-groupedContainedHorizontal MuiButtonGroup-groupedContainedPrimary MuiButton-root MuiButton-contained MuiButton-containedPrimary MuiButton-sizeMedium MuiButton-containedSizeMedium MuiButton-colorPrimary MuiButton-fullWidth MuiButtonGroup-grouped MuiButtonGroup-groupedHorizontal MuiButtonGroup-groupedContained MuiButtonGroup-groupedContainedHorizontal MuiButtonGroup-groupedContainedPrimary MuiButtonGroup-firstButton mui-style-1yzzwoj-MuiButtonBase-root-MuiButton-root"
          data-testid="combo-submit-execute"
          tabindex="0"
          type="submit"
        >
          <span
            class="MuiCircularProgress-root MuiCircularProgress-indeterminate MuiCircularProgress-colorPrimary mui-style-vg4kwr-MuiCircularProgress-root"
            role="progressbar"
            style="width: 20px; height: 20px;"
          >
            <svg
              class="MuiCircularProgress-svg mui-style-54pwck-MuiCircularProgress-svg"
              viewBox="22 22 44 44"
            >
              <circle
                class="MuiCircularProgress-circle MuiCircularProgress-circleIndeterminate mui-style-960umw-MuiCircularProgress-circle"
                cx="44"
                cy="44"
                fill="none"
                r="20.2"
                stroke-width="3.6"
              />
            </svg>
          </span>
        </button>
      </div>
      <button
        aria-haspopup="menu"
        aria-label="select action"
        class="MuiButtonBase-root MuiButton-root MuiButton-contained MuiButton-containedPrimary MuiButton-sizeMedium MuiButton-containedSizeMedium MuiButton-colorPrimary MuiButton-fullWidth Mui-disabled MuiButtonGroup-grouped MuiButtonGroup-groupedHorizontal MuiButtonGroup-groupedContained MuiButtonGroup-groupedContainedHorizontal MuiButtonGroup-groupedContainedPrimary MuiButton-root MuiButton-contained MuiButton-containedPrimary MuiButton-sizeMedium MuiButton-containedSizeMedium MuiButton-colorPrimary MuiButton-fullWidth MuiButtonGroup-grouped MuiButtonGroup-groupedHorizontal MuiButtonGroup-groupedContained MuiButtonGroup-groupedContainedHorizontal MuiButtonGroup-groupedContainedPrimary MuiButtonGroup-lastButton mui-style-9c4cgm-MuiButtonBase-root-MuiButton-root"
        data-testid="combo-submit-dropdown"
        disabled=""
        tabindex="-1"
        type="button"
      >
        <svg
          aria-hidden="true"
          class="MuiSvgIcon-root MuiSvgIcon-fontSizeMedium mui-style-1dhtbeh-MuiSvgIcon-root"
          data-testid="ArrowDropDownIcon"
          focusable="false"
          viewBox="0 0 24 24"
        >
          <path
            d="m7 10 5 5 5-5z"
          />
        </svg>
      </button>
    </div>
  </div>
</div>
`;

exports[`./SplitMenuButton.stories SingleOption 1`] = `
<div
  style="background-color: rgb(255, 255, 255); padding: 1rem;"
>
  <div
    class="MuiBox-root mui-style-1v5z18m"
  >
    <div
      aria-label="Button group with a nested menu"
      class="MuiButtonGroup-root MuiButtonGroup-contained MuiButtonGroup-horizontal MuiButtonGroup-fullWidth MuiButtonGroup-colorPrimary mui-style-izkk6m-MuiButtonGroup-root"
      role="group"
    >
      <div
        class="MuiBox-root mui-style-1rr4qq7"
        data-mui-internal-clone-element="true"
      >
        <button
          class="MuiButtonBase-root MuiButton-root MuiButton-contained MuiButton-containedPrimary MuiButton-sizeMedium MuiButton-containedSizeMedium MuiButton-colorPrimary MuiButton-fullWidth MuiButtonGroup-grouped MuiButtonGroup-groupedHorizontal MuiButtonGroup-groupedContained MuiButtonGroup-groupedContainedHorizontal MuiButtonGroup-groupedContainedPrimary MuiButton-root MuiButton-contained MuiButton-containedPrimary MuiButton-sizeMedium MuiButton-containedSizeMedium MuiButton-colorPrimary MuiButton-fullWidth MuiButtonGroup-grouped MuiButtonGroup-groupedHorizontal MuiButtonGroup-groupedContained MuiButtonGroup-groupedContainedHorizontal MuiButtonGroup-groupedContainedPrimary mui-style-cyhs5c-MuiButtonBase-root-MuiButton-root"
          data-testid="combo-submit-submit"
          tabindex="0"
          type="submit"
        >
          Submit
        </button>
      </div>
    </div>
  </div>
</div>
`;

exports[`./SplitMenuButton.stories WithDisabledOption 1`] = `
<div
  style="background-color: rgb(255, 255, 255); padding: 1rem;"
>
  <div
    class="MuiBox-root mui-style-1v5z18m"
  >
    <div
      aria-label="Button group with a nested menu"
      class="MuiButtonGroup-root MuiButtonGroup-contained MuiButtonGroup-horizontal MuiButtonGroup-fullWidth MuiButtonGroup-colorPrimary mui-style-izkk6m-MuiButtonGroup-root"
      role="group"
    >
      <div
        class="MuiBox-root mui-style-1rr4qq7"
        data-mui-internal-clone-element="true"
      >
        <button
          class="MuiButtonBase-root MuiButton-root MuiButton-contained MuiButton-containedPrimary MuiButton-sizeMedium MuiButton-containedSizeMedium MuiButton-colorPrimary MuiButton-fullWidth MuiButtonGroup-grouped MuiButtonGroup-groupedHorizontal MuiButtonGroup-groupedContained MuiButtonGroup-groupedContainedHorizontal MuiButtonGroup-groupedContainedPrimary MuiButton-root MuiButton-contained MuiButton-containedPrimary MuiButton-sizeMedium MuiButton-containedSizeMedium MuiButton-colorPrimary MuiButton-fullWidth MuiButtonGroup-grouped MuiButtonGroup-groupedHorizontal MuiButtonGroup-groupedContained MuiButtonGroup-groupedContainedHorizontal MuiButtonGroup-groupedContainedPrimary MuiButtonGroup-firstButton mui-style-1yzzwoj-MuiButtonBase-root-MuiButton-root"
          data-testid="combo-submit-execute"
          tabindex="0"
          type="submit"
        >
          Execute
        </button>
      </div>
      <button
        aria-haspopup="menu"
        aria-label="select action"
        class="MuiButtonBase-root MuiButton-root MuiButton-contained MuiButton-containedPrimary MuiButton-sizeMedium MuiButton-containedSizeMedium MuiButton-colorPrimary MuiButton-fullWidth MuiButtonGroup-grouped MuiButtonGroup-groupedHorizontal MuiButtonGroup-groupedContained MuiButtonGroup-groupedContainedHorizontal MuiButtonGroup-groupedContainedPrimary MuiButton-root MuiButton-contained MuiButton-containedPrimary MuiButton-sizeMedium MuiButton-containedSizeMedium MuiButton-colorPrimary MuiButton-fullWidth MuiButtonGroup-grouped MuiButtonGroup-groupedHorizontal MuiButtonGroup-groupedContained MuiButtonGroup-groupedContainedHorizontal MuiButtonGroup-groupedContainedPrimary MuiButtonGroup-lastButton mui-style-9c4cgm-MuiButtonBase-root-MuiButton-root"
        data-testid="combo-submit-dropdown"
        tabindex="0"
        type="button"
      >
        <svg
          aria-hidden="true"
          class="MuiSvgIcon-root MuiSvgIcon-fontSizeMedium mui-style-1dhtbeh-MuiSvgIcon-root"
          data-testid="ArrowDropDownIcon"
          focusable="false"
          viewBox="0 0 24 24"
        >
          <path
            d="m7 10 5 5 5-5z"
          />
        </svg>
      </button>
    </div>
  </div>
</div>
`;

exports[`./SplitMenuButton.stories WithSelectedOption 1`] = `
<div
  style="background-color: rgb(255, 255, 255); padding: 1rem;"
>
  <div
    class="MuiBox-root mui-style-1v5z18m"
  >
    <div
      aria-label="Button group with a nested menu"
      class="MuiButtonGroup-root MuiButtonGroup-contained MuiButtonGroup-horizontal MuiButtonGroup-fullWidth MuiButtonGroup-colorPrimary mui-style-izkk6m-MuiButtonGroup-root"
      role="group"
    >
      <div
        class="MuiBox-root mui-style-1rr4qq7"
        data-mui-internal-clone-element="true"
      >
        <button
          class="MuiButtonBase-root MuiButton-root MuiButton-contained MuiButton-containedPrimary MuiButton-sizeMedium MuiButton-containedSizeMedium MuiButton-colorPrimary MuiButton-fullWidth MuiButtonGroup-grouped MuiButtonGroup-groupedHorizontal MuiButtonGroup-groupedContained MuiButtonGroup-groupedContainedHorizontal MuiButtonGroup-groupedContainedPrimary MuiButton-root MuiButton-contained MuiButton-containedPrimary MuiButton-sizeMedium MuiButton-containedSizeMedium MuiButton-colorPrimary MuiButton-fullWidth MuiButtonGroup-grouped MuiButtonGroup-groupedHorizontal MuiButtonGroup-groupedContained MuiButtonGroup-groupedContainedHorizontal MuiButtonGroup-groupedContainedPrimary MuiButtonGroup-firstButton mui-style-1yzzwoj-MuiButtonBase-root-MuiButton-root"
          data-testid="combo-submit-sign"
          tabindex="0"
          type="submit"
        >
          Sign
        </button>
      </div>
      <button
        aria-haspopup="menu"
        aria-label="select action"
        class="MuiButtonBase-root MuiButton-root MuiButton-contained MuiButton-containedPrimary MuiButton-sizeMedium MuiButton-containedSizeMedium MuiButton-colorPrimary MuiButton-fullWidth MuiButtonGroup-grouped MuiButtonGroup-groupedHorizontal MuiButtonGroup-groupedContained MuiButtonGroup-groupedContainedHorizontal MuiButtonGroup-groupedContainedPrimary MuiButton-root MuiButton-contained MuiButton-containedPrimary MuiButton-sizeMedium MuiButton-containedSizeMedium MuiButton-colorPrimary MuiButton-fullWidth MuiButtonGroup-grouped MuiButtonGroup-groupedHorizontal MuiButtonGroup-groupedContained MuiButtonGroup-groupedContainedHorizontal MuiButtonGroup-groupedContainedPrimary MuiButtonGroup-lastButton mui-style-9c4cgm-MuiButtonBase-root-MuiButton-root"
        data-testid="combo-submit-dropdown"
        tabindex="0"
        type="button"
      >
        <svg
          aria-hidden="true"
          class="MuiSvgIcon-root MuiSvgIcon-fontSizeMedium mui-style-1dhtbeh-MuiSvgIcon-root"
          data-testid="ArrowDropDownIcon"
          focusable="false"
          viewBox="0 0 24 24"
        >
          <path
            d="m7 10 5 5 5-5z"
          />
        </svg>
      </button>
    </div>
  </div>
</div>
`;

exports[`./SplitMenuButton.stories WithTooltip 1`] = `
<div
  style="background-color: rgb(255, 255, 255); padding: 1rem;"
>
  <div
    class="MuiBox-root mui-style-1v5z18m"
  >
    <div
      aria-label="Button group with a nested menu"
      class="MuiButtonGroup-root MuiButtonGroup-contained MuiButtonGroup-horizontal MuiButtonGroup-fullWidth MuiButtonGroup-colorPrimary mui-style-izkk6m-MuiButtonGroup-root"
      role="group"
    >
      <div
        aria-label="Choose an action to perform"
        class="MuiBox-root mui-style-1rr4qq7"
        data-mui-internal-clone-element="true"
      >
        <button
          class="MuiButtonBase-root MuiButton-root MuiButton-contained MuiButton-containedPrimary MuiButton-sizeMedium MuiButton-containedSizeMedium MuiButton-colorPrimary MuiButton-fullWidth MuiButtonGroup-grouped MuiButtonGroup-groupedHorizontal MuiButtonGroup-groupedContained MuiButtonGroup-groupedContainedHorizontal MuiButtonGroup-groupedContainedPrimary MuiButton-root MuiButton-contained MuiButton-containedPrimary MuiButton-sizeMedium MuiButton-containedSizeMedium MuiButton-colorPrimary MuiButton-fullWidth MuiButtonGroup-grouped MuiButtonGroup-groupedHorizontal MuiButtonGroup-groupedContained MuiButtonGroup-groupedContainedHorizontal MuiButtonGroup-groupedContainedPrimary MuiButtonGroup-firstButton mui-style-1yzzwoj-MuiButtonBase-root-MuiButton-root"
          data-testid="combo-submit-execute"
          tabindex="0"
          type="submit"
        >
          Execute
        </button>
      </div>
      <button
        aria-haspopup="menu"
        aria-label="select action"
        class="MuiButtonBase-root MuiButton-root MuiButton-contained MuiButton-containedPrimary MuiButton-sizeMedium MuiButton-containedSizeMedium MuiButton-colorPrimary MuiButton-fullWidth MuiButtonGroup-grouped MuiButtonGroup-groupedHorizontal MuiButtonGroup-groupedContained MuiButtonGroup-groupedContainedHorizontal MuiButtonGroup-groupedContainedPrimary MuiButton-root MuiButton-contained MuiButton-containedPrimary MuiButton-sizeMedium MuiButton-containedSizeMedium MuiButton-colorPrimary MuiButton-fullWidth MuiButtonGroup-grouped MuiButtonGroup-groupedHorizontal MuiButtonGroup-groupedContained MuiButtonGroup-groupedContainedHorizontal MuiButtonGroup-groupedContainedPrimary MuiButtonGroup-lastButton mui-style-9c4cgm-MuiButtonBase-root-MuiButton-root"
        data-testid="combo-submit-dropdown"
        tabindex="0"
        type="button"
      >
        <svg
          aria-hidden="true"
          class="MuiSvgIcon-root MuiSvgIcon-fontSizeMedium mui-style-1dhtbeh-MuiSvgIcon-root"
          data-testid="ArrowDropDownIcon"
          focusable="false"
          viewBox="0 0 24 24"
        >
          <path
            d="m7 10 5 5 5-5z"
          />
        </svg>
      </button>
    </div>
  </div>
</div>
`;
